[technext.github.io/kidkinder/index.html]
[backblue.gif]
[fade.gif]
[index.html]
[technext.github.io/kidkinder/img/favicon.ico]
[cdnjs.cloudflare.com/ajax/libs/font-awesome/5.10.0/css/all.min.css]
[technext.github.io/kidkinder/lib/flaticon/font/flaticon.css]
[technext.github.io/kidkinder/lib/owlcarousel/assets/owl.carousel.min.css]
[technext.github.io/kidkinder/lib/lightbox/css/lightbox.min.css]
[technext.github.io/kidkinder/css/style.css]
[technext.github.io/kidkinder/about.html]
[technext.github.io/kidkinder/class.html]
[technext.github.io/kidkinder/team.html]
[technext.github.io/kidkinder/gallery.html]
[technext.github.io/kidkinder/blog.html]
[technext.github.io/kidkinder/single.html]
[technext.github.io/kidkinder/contact.html]
[technext.github.io/kidkinder/img/header.png]
[technext.github.io/kidkinder/img/about-1.jpg]
[technext.github.io/kidkinder/img/about-2.jpg]
[technext.github.io/kidkinder/img/class-1.jpg]
[technext.github.io/kidkinder/img/class-2.jpg]
[technext.github.io/kidkinder/img/class-3.jpg]
[technext.github.io/kidkinder/img/team-1.jpg]
[technext.github.io/kidkinder/img/team-2.jpg]
[technext.github.io/kidkinder/img/team-3.jpg]
[technext.github.io/kidkinder/img/team-4.jpg]
[technext.github.io/kidkinder/img/testimonial-1.jpg]
[technext.github.io/kidkinder/img/testimonial-2.jpg]
[technext.github.io/kidkinder/img/testimonial-3.jpg]
[technext.github.io/kidkinder/img/testimonial-4.jpg]
[technext.github.io/kidkinder/img/blog-1.jpg]
[technext.github.io/kidkinder/img/blog-2.jpg]
[technext.github.io/kidkinder/img/blog-3.jpg]
[code.jquery.com/jquery-3.4.1.min.js]
[stackpath.bootstrapcdn.com/bootstrap/4.4.1/js/bootstrap.bundle.min.js]
[technext.github.io/kidkinder/lib/easing/easing.min.js]
[technext.github.io/kidkinder/lib/owlcarousel/owl.carousel.min.js]
[technext.github.io/kidkinder/lib/isotope/isotope.pkgd.min.js]
[technext.github.io/kidkinder/lib/lightbox/js/lightbox.min.js]
[technext.github.io/kidkinder/mail/jqBootstrapValidation.min.js]
[technext.github.io/kidkinder/mail/contact.js]
[technext.github.io/kidkinder/js/main.js]
[technext.github.io/kidkinder/index.html]
[fonts.gstatic.com/index.html]
[fonts.googleapis.com/css27699.css]
[technext.github.io/kidkinder/about.html]
[technext.github.io/kidkinder/class.html]
[technext.github.io/kidkinder/team.html]
[technext.github.io/kidkinder/img/portfolio-1.jpg]
[technext.github.io/kidkinder/img/portfolio-2.jpg]
[technext.github.io/kidkinder/img/portfolio-3.jpg]
[technext.github.io/kidkinder/img/portfolio-4.jpg]
[technext.github.io/kidkinder/img/portfolio-5.jpg]
[technext.github.io/kidkinder/gallery.html]
[technext.github.io/kidkinder/blog.html]
[technext.github.io/kidkinder/img/portfolio-6.jpg]
[technext.github.io/kidkinder/img/detail.jpg]
[technext.github.io/kidkinder/img/post-1.jpg]
[technext.github.io/kidkinder/img/post-2.jpg]
[technext.github.io/kidkinder/img/post-3.jpg]
[technext.github.io/kidkinder/single.html]
[technext.github.io/kidkinder/contact.html]
[technext.github.io/kidkinder/img/user.jpg]
[technext.github.io/kidkinder/img/favicon.html]
[stackpath.bootstrapcdn.com/bootstrap/4.4.1/js/bootstrap.bundle.min.js]
[technext.github.io/kidkinder/img/header.png]
[technext.github.io/kidkinder/img/blog-3.jpg]
[technext.github.io/kidkinder/img/portfolio-3.jpg]
[technext.github.io/kidkinder/img/portfolio-4.jpg]
[technext.github.io/kidkinder/img/portfolio-5.jpg]
[technext.github.io/kidkinder/img/portfolio-6.jpg]
[cdnjs.cloudflare.com/ajax/libs/font-awesome/5.10.0/webfonts/fa-brands-400.svg]
[technext.github.io/kidkinder/img/detail.jpg]
[cdnjs.cloudflare.com/ajax/libs/font-awesome/5.10.0/webfonts/fa-regular-400.svg]
[technext.github.io/kidkinder/img/user.jpg]
[cdnjs.cloudflare.com/ajax/libs/font-awesome/5.10.0/css/all.min.css]
[cdnjs.cloudflare.com/ajax/libs/font-awesome/5.10.0/webfonts/fa-solid-900.svg]
[technext.github.io/kidkinder/lib/flaticon/font/Flaticon.37.delayed]
[technext.github.io/kidkinder/lib/flaticon/font/Flaticond41d.eot]
[technext.github.io/kidkinder/lib/flaticon/font/Flaticon.woff2]
[technext.github.io/kidkinder/lib/flaticon/font/Flaticon.woff]
[technext.github.io/kidkinder/lib/flaticon/font/Flaticon.woff]
[technext.github.io/kidkinder/lib/flaticon/font/Flaticon.ttf]
[technext.github.io/kidkinder/lib/flaticon/font/flaticon.css]
[technext.github.io/kidkinder/lib/flaticon/font/Flaticon.svg]
[technext.github.io/kidkinder/lib/owlcarousel/assets/owl.video.play.png]
[technext.github.io/kidkinder/lib/owlcarousel/assets/owl.carousel.min.css]
[technext.github.io/kidkinder/lib/lightbox/images/loading.gif]
[technext.github.io/kidkinder/lib/lightbox/css/lightbox.min.css]
[technext.github.io/kidkinder/css/style.css]
[cdnjs.cloudflare.com/ajax/libs/font-awesome/5.10.0/webfonts/fa-brands-400.svg]
[cdnjs.cloudflare.com/ajax/libs/font-awesome/5.10.0/webfonts/fa-regular-400.svg]
[cdnjs.cloudflare.com/ajax/libs/font-awesome/5.10.0/webfonts/fa-solid-900.svg]
[technext.github.io/kidkinder/lib/flaticon/font/Flaticon.html]
[technext.github.io/kidkinder/lib/flaticon/font/Flaticond41d.html]
[technext.github.io/kidkinder/lib/flaticon/font/Flaticon.svg]
